01.02.2006 17:04:28
1	etc\ieext.htm
2	etc\oeb12-oebps.htm
3	etc\использование_программы_связи_с_.htm
4	etc\Модуляризация XHTML.htm
5	help\about.htm
6	help\apoocontents.htm
7	help\cmdcharacterclass.htm
8	help\cmdeditfind.htm
9	help\cmdeditreplace.htm
10	help\cmdeditxpath.htm
11	help\cmdregexp.htm
12	help\cmdtoolsbuildindex.htm
13	help\cmdtoolsbuildphrases.htm
14	help\cmdxpathexp.htm
15	help\codepages.htm
16	help\datasheet.htm
17	help\ea.htm
18	help\eaccess.htm
19	help\eanchor.htm
20	help\eb.htm
21	help\ebig.htm
22	help\ebr.htm
23	help\ecard.htm
24	help\ecomment.htm
25	help\edeck.htm
26	help\edo.htm
27	help\edoctype.htm
28	help\eem.htm
29	help\efieldset.htm
30	help\ego.htm
31	help\ehead.htm
32	help\ei.htm
33	help\eimg.htm
34	help\einput.htm
35	help\emeta.htm
36	help\enoop.htm
37	help\eonevent.htm
38	help\eoptgroup.htm
39	help\eoption.htm
40	help\ep.htm
41	help\epcdata.htm
42	help\epostfield.htm
43	help\epre.htm
44	help\eprev.htm
45	help\erefresh.htm
46	help\eselect.htm
47	help\esetvar.htm
48	help\esmall.htm
49	help\estrong.htm
50	help\etable.htm
51	help\etd.htm
52	help\etemplate.htm
53	help\etimer.htm
54	help\etr.htm
55	help\eu.htm
56	help\ewml.htm
57	help\exml.htm
58	help\help.htm
59	help\howtocreatecard.htm
60	help\howtocreateimage.htm
61	help\howtocreateinput.htm
62	help\howtocreatelink.htm
63	help\howtocreateselectionlist.htm
64	help\howtocreatesoftkey.htm
65	help\howtoftp.htm
66	help\howtoftpedit.htm
67	help\howtoftpproxy.htm
68	help\howtomoveelement.htm
69	help\howtosymbol.htm
70	help\howtousevariables.htm
71	help\index.html
72	help\interfaceguide.htm
73	help\introduction.htm
74	help\keyboardshortcuts.htm
75	help\languagesupport.htm
76	help\license.htm
77	help\nagscreen.htm
78	help\oba.htm
79	help\obarea.htm
80	help\obb.htm
81	help\obbase.htm
82	help\obbig.htm
83	help\obblockquote.htm
84	help\obbody.htm
85	help\obbr.htm
86	help\obcaption.htm
87	help\obcenter.htm
88	help\obcite.htm
89	help\obcode.htm
90	help\obcomment.htm
91	help\obdd.htm
92	help\obdfn.htm
93	help\obdiv.htm
94	help\obdl.htm
95	help\obdoctype.htm
96	help\obdt.htm
97	help\obem.htm
98	help\obfont.htm
99	help\obh1.htm
100	help\obh2.htm
101	help\obh3.htm
102	help\obh4.htm
103	help\obh5.htm
104	help\obh6.htm
105	help\obhead.htm
106	help\obhowtocreateheadings.htm
107	help\obhowtopreserveformat.htm
108	help\obhr.htm
109	help\obhtml.htm
110	help\obi.htm
111	help\obimg.htm
112	help\obkbd.htm
113	help\obli.htm
114	help\oblink.htm
115	help\obmap.htm
116	help\obmenu.htm
117	help\obmeta.htm
118	help\obobject.htm
119	help\obol.htm
120	help\obp.htm
121	help\obparam.htm
122	help\obpre.htm
123	help\obq.htm
124	help\obref.htm
125	help\obs.htm
126	help\obsamp.htm
127	help\obscript.htm
128	help\obsmall.htm
129	help\obspan.htm
130	help\obstrike.htm
131	help\obstrikethrough.htm
132	help\obstrong.htm
133	help\obstyle.htm
134	help\obsub.htm
135	help\obsup.htm
136	help\obtable.htm
137	help\obtd.htm
138	help\obth.htm
139	help\obtitle.htm
140	help\obtr.htm
141	help\obtt.htm
142	help\obu.htm
143	help\obul.htm
144	help\obvar.htm
145	help\obxml.htm
146	help\oeboverview.htm
147	help\opcomment.htm
148	help\opdccontributor.htm
149	help\opdccoverage.htm
150	help\opdccreator.htm
151	help\opdcdate.htm
152	help\opdcdescription.htm
153	help\opdcformat.htm
154	help\opdcidentifier.htm
155	help\opdclanguage.htm
156	help\opdcmetadata.htm
157	help\opdcpublisher.htm
158	help\opdcrelation.htm
159	help\opdcrights.htm
160	help\opdcsource.htm
161	help\opdcsubject.htm
162	help\opdctitle.htm
163	help\opdctype.htm
164	help\opdcxmlns.htm
165	help\opdoctype.htm
166	help\opguide.htm
167	help\opitem.htm
168	help\opitemref.htm
169	help\opmanifest.htm
170	help\opmarcrole.htm
171	help\opmeta.htm
172	help\oppackage.htm
173	help\opref.htm
174	help\opreference.htm
175	help\opsite.htm
176	help\opspine.htm
177	help\optionsautoconversion.htm
178	help\optour.htm
179	help\optours.htm
180	help\opxmetadata.htm
181	help\opxml.htm
182	help\preface.htm
183	help\register.htm
184	help\setup.htm
185	help\shellintegration.htm
186	help\tips.htm
187	help\wapoverview.htm
188	help\webserver.htm
189	help\windowattributes.htm
190	help\windowcode.htm
191	help\windowelements.htm
192	help\windowerror.htm
193	help\windowgeneratelit.htm
194	help\windowmenu.htm
195	help\windowproject.htm
196	help\windowtools.htm
197	help\wirelessoverview.htm
198	help\wmloverview.htm
199	help\wmlrefanchor.htm
200	help\wmlrefbr.htm
201	help\wmlrefdeck.htm
202	help\wmlrefemph.htm
203	help\wmlreference.htm
204	help\wmlrefevent.htm
205	help\wmlrefprologue.htm
206	help\wmlreftask.htm
207	help\wmlreftext.htm
208	help\wmlrefui.htm
209	help\wmlrefvar.htm
210	help\z-about.htm
211	help\z-aboutinet.htm
212	help\ru\wirelessoverview.htm
213	help\ru\wmloverview.htm
214	help\ru\wmlrefanchor.htm
215	help\ru\wmlrefbr.htm
216	help\ru\wmlrefdeck.htm
217	help\ru\wmlrefemph.htm
218	help\ru\wmlreference.htm
219	help\ru\wmlrefevent.htm
220	help\ru\wmlreftask.htm
221	help\ru\wmlreftext.htm
222	help\ru\wmlrefui.htm
223	help\ru\wmlrefvar.htm
224	rc\about.htm
225	setup\apoo editor\Express\SingleImage\Reports\1-19-2006 03-25-31.htm
226	setup\apoo editor\Express\SingleImage\Reports\1-19-2006 03-37-36.htm
227	setup\apoo editor\Express\SingleImage\Reports\1-19-2006 04-00-12.htm
228	setup\apoo editor\Express\SingleImage\Reports\1-19-2006 04-02-28.htm
229	setup\apoo editor\Express\SingleImage\Reports\1-19-2006 04-10-54.htm
230	setup\apoo editor\Express\SingleImage\Reports\1-19-2006 04-13-32.htm
231	setup\apoo editor\Express\SingleImage\Reports\1-20-2006 02-36-00.htm
232	util\dbext\blob\bib01.htm
233	util\dbextfilt\home.htm
234	util\infotip\doc\default.asp.htm
235	util\infotip\doc\shlext5.xml.htm
236	util\infotip\doc\shlext7.xml.htm
237	util\infotip\doc\shlext8.xml.htm
238	util\infotip\doc\shlext9.xml.htm
239	util\infotip\doc\webview.htm
240	util\infotip\doc\default.asp_files\leftframe.htm
241	util\infotip\doc\default.asp_files\rightframe.htm
242	util\infotip\doc\default.asp_files\toolbar.htm
243	util\infotip\doc\default.asp_files\leftframe_data\deeptreeDL.htm
244	util\infotip\doc\default.asp_files\leftframe_data\dtbarDL.htm
245	util\infotip\doc\default.asp_files\leftframe_data\search.htm
246	util\infotip\doc\default.asp_files\rightframe_data\contentbarDL.htm
247	util\infotip\doc\default.asp_files\rightframe_data\shell_ext.htm
248	util\infotip\doc\webview_files\leftframe.htm
249	util\infotip\doc\webview_files\rightframe.htm
250	util\infotip\doc\webview_files\toolbar.htm
251	util\infotip\doc\webview_files\leftframe_data\deeptreeDL.htm
252	util\infotip\doc\webview_files\leftframe_data\dtbarDL.htm
253	util\infotip\doc\webview_files\leftframe_data\search.htm
254	util\infotip\doc\webview_files\rightframe_data\contentbarDL.htm
255	util\infotip\doc\webview_files\rightframe_data\webview.htm
256	util\phrasex\appInit.htm
257	util\phrasex\cs\accessdenied.htm
258	util\phrasex\cs\appInit.htm
259	util\phrasex\cs\configureBrowser.htm
260	util\phrasex\cs\error.htm
261	util\phrasex\cs\fromRoot.htm
262	util\phrasex\cs\index.htm
263	util\phrasex\cs\indexLean.htm
264	util\phrasex\cs\logoff.htm
265	util\phrasex\cs\logon.htm
266	util\phrasex\cs\mainMenuEndUser.htm
267	util\phrasex\cs\mainMenuManager.htm
268	util\phrasex\cs\mainMenuStaff.htm
269	util\phrasex\cs\showSql.htm
270	util\phrasex\cs\waitafterlogon.htm
271	util\phrasex\cs\discuss\diDelete.htm
272	util\phrasex\cs\discuss\diDelete2.htm
273	util\phrasex\cs\discuss\diDeleteOk.htm
274	util\phrasex\cs\discuss\diEditGroup.htm
275	util\phrasex\cs\discuss\diEditGroupOk.htm
276	util\phrasex\cs\discuss\diEditMsg.htm
277	util\phrasex\cs\discuss\diEditMsgOk.htm
278	util\phrasex\cs\discuss\diGroup.htm
279	util\phrasex\cs\discuss\diNew.htm
280	util\phrasex\cs\discuss\diNewOk.htm
281	util\phrasex\cs\discuss\diSearch.htm
282	util\phrasex\cs\discuss\diSearchOk.htm
283	util\phrasex\cs\discuss\diTopic.htm
284	util\phrasex\cs\discuss\index.htm
285	util\phrasex\cs\discuss\indexByDate.htm
286	util\phrasex\cs\help\cacheHelp.html
287	util\phrasex\cs\help\diHelp.html
288	util\phrasex\cs\help\diHelpEu.html
289	util\phrasex\cs\help\emailHelp.html
290	util\phrasex\cs\help\htmlFragHelp.html
291	util\phrasex\cs\help\index.html
292	util\phrasex\cs\help\kbHelp.html
293	util\phrasex\cs\help\kbHelpEu.html
294	util\phrasex\cs\help\listMyTodoHelp.html
295	util\phrasex\cs\help\listOpenHelp.html
296	util\phrasex\cs\help\listUnassignedHelp.html
297	util\phrasex\cs\help\productHelp.html
298	util\phrasex\cs\help\repEditHelp.html
299	util\phrasex\cs\help\repManHelp.html
300	util\phrasex\cs\help\statusEditHelp.html
301	util\phrasex\cs\help\ticketBasics.html
302	util\phrasex\cs\help\ticketEditHelp.html
303	util\phrasex\cs\help\ticketNewHelp.html
304	util\phrasex\cs\help\ticketViewHelp.html
305	util\phrasex\cs\kb\faq.htm
306	util\phrasex\cs\kb\index.htm
307	util\phrasex\cs\kb\kbAdvSearch.htm
308	util\phrasex\cs\kb\kbAdvSearchOk.htm
309	util\phrasex\cs\kb\kbDelete.htm
310	util\phrasex\cs\kb\kbDelete2.htm
311	util\phrasex\cs\kb\kbDeleteOk.htm
312	util\phrasex\cs\kb\kbDetail.htm
313	util\phrasex\cs\kb\kbEditArt.htm
314	util\phrasex\cs\kb\kbEditArtOk.htm
315	util\phrasex\cs\kb\kbEditCat.htm
316	util\phrasex\cs\kb\kbEditCatOk.htm
317	util\phrasex\cs\kb\kbFromTicket1.htm
318	util\phrasex\cs\kb\kbFromTicket2.htm
319	util\phrasex\cs\kb\kbKeySearchOk.htm
320	util\phrasex\cs\kb\kbNewArt.htm
321	util\phrasex\cs\kb\kbNewArtOk.htm
322	util\phrasex\cs\kb\kbNewCat.htm
323	util\phrasex\cs\kb\kbNewCatOk.htm
324	util\phrasex\cs\kb\kbView.htm
325	util\phrasex\cs\kb\kbVote.htm
326	util\phrasex\cs\kb\recommended.htm
327	util\phrasex\cs\news\index.htm
328	util\phrasex\cs\news\newsDelete.htm
329	util\phrasex\cs\news\newsDelete2.htm
330	util\phrasex\cs\news\newsDeleteOk.htm
331	util\phrasex\cs\news\newsEdit.htm
332	util\phrasex\cs\news\newsEditOk.htm
333	util\phrasex\cs\news\newsNew.htm
334	util\phrasex\cs\news\newsNewOk.htm
335	util\phrasex\cs\news\newsView.htm
336	util\phrasex\cs\priority\priorityDel.htm
337	util\phrasex\cs\priority\priorityDelOk.htm
338	util\phrasex\cs\priority\priorityEdit.htm
339	util\phrasex\cs\priority\priorityEditOk.htm
340	util\phrasex\cs\priority\priorityMan.htm
341	util\phrasex\cs\priority\priorityNew.htm
342	util\phrasex\cs\priority\priorityNewOk.htm
343	util\phrasex\cs\product\productDel.htm
344	util\phrasex\cs\product\productDelOk.htm
345	util\phrasex\cs\product\productEdit.htm
346	util\phrasex\cs\product\productEditOk.htm
347	util\phrasex\cs\product\productMan.htm
348	util\phrasex\cs\product\productNew.htm
349	util\phrasex\cs\product\productNewOk.htm
350	util\phrasex\cs\report\customReport1.htm
351	util\phrasex\cs\report\listMyTodo.htm
352	util\phrasex\cs\report\listOpen.htm
353	util\phrasex\cs\report\listUnassigned.htm
354	util\phrasex\cs\report\repCost.htm
355	util\phrasex\cs\report\repCrosstab.htm
356	util\phrasex\cs\report\repCrosstabRun.htm
357	util\phrasex\cs\report\repCrosstabSave.htm
358	util\phrasex\cs\report\repCustom.htm
359	util\phrasex\cs\report\repCustomOk.htm
360	util\phrasex\cs\report\repDel.htm
361	util\phrasex\cs\report\repDelOk.htm
362	util\phrasex\cs\report\repMan.htm
363	util\phrasex\cs\report\repTab.htm
364	util\phrasex\cs\report\repTabRun.htm
365	util\phrasex\cs\report\repTabSave.htm
366	util\phrasex\cs\report\repTimeSheet.htm
367	util\phrasex\cs\report\repTrend.htm
368	util\phrasex\cs\sale\saleDel.htm
369	util\phrasex\cs\sale\saleDelOk.htm
370	util\phrasex\cs\sale\saleEdit.htm
371	util\phrasex\cs\sale\saleEditOk.htm
372	util\phrasex\cs\sale\saleMan.htm
373	util\phrasex\cs\sale\saleNew.htm
374	util\phrasex\cs\sale\saleNewOk.htm
375	util\phrasex\cs\sale\saleSearchOk.htm
376	util\phrasex\cs\sale\saleView.htm
377	util\phrasex\cs\script\todoList.htm
378	util\phrasex\cs\status\statusDel.htm
379	util\phrasex\cs\status\statusDelOk.htm
380	util\phrasex\cs\status\statusEdit.htm
381	util\phrasex\cs\status\statusEditOk.htm
382	util\phrasex\cs\status\statusMan.htm
383	util\phrasex\cs\status\statusNew.htm
384	util\phrasex\cs\status\statusNewOk.htm
385	util\phrasex\cs\system\sessionDel.htm
386	util\phrasex\cs\system\sessionDelOk.htm
387	util\phrasex\cs\system\systemInfo.htm
388	util\phrasex\cs\ticket\euTicketFind.htm
389	util\phrasex\cs\ticket\euTicketFindOk.htm
390	util\phrasex\cs\ticket\euTicketFollowUp.htm
391	util\phrasex\cs\ticket\euTicketFollowUpOk.htm
392	util\phrasex\cs\ticket\euTicketNew.htm
393	util\phrasex\cs\ticket\euTicketNewOk.htm
394	util\phrasex\cs\ticket\euTicketView.htm
395	util\phrasex\cs\ticket\htmlFragView.htm
396	util\phrasex\cs\ticket\ticketAssign.htm
397	util\phrasex\cs\ticket\ticketAssignOk.htm
398	util\phrasex\cs\ticket\ticketClose.htm
399	util\phrasex\cs\ticket\ticketCloseOk.htm
400	util\phrasex\cs\ticket\ticketDel.htm
401	util\phrasex\cs\ticket\ticketDelOk.htm
402	util\phrasex\cs\ticket\ticketDivide.htm
403	util\phrasex\cs\ticket\ticketDivideOk.htm
404	util\phrasex\cs\ticket\ticketEdit.htm
405	util\phrasex\cs\ticket\ticketEditOk.htm
406	util\phrasex\cs\ticket\ticketHistEdit.htm
407	util\phrasex\cs\ticket\ticketHistEditOk.htm
408	util\phrasex\cs\ticket\ticketMerge.htm
409	util\phrasex\cs\ticket\ticketMergeOk.htm
410	util\phrasex\cs\ticket\ticketNew.htm
411	util\phrasex\cs\ticket\ticketNewOk.htm
412	util\phrasex\cs\ticket\ticketReopen.htm
413	util\phrasex\cs\ticket\ticketReopenOk.htm
414	util\phrasex\cs\ticket\ticketRespond.htm
415	util\phrasex\cs\ticket\ticketRespondOk.htm
416	util\phrasex\cs\ticket\ticketView.htm
417	util\phrasex\cs\user\euUserEdit.htm
418	util\phrasex\cs\user\euUserEditOk.htm
419	util\phrasex\cs\user\forgot.htm
420	util\phrasex\cs\user\forgotOk.htm
421	util\phrasex\cs\user\signUp.htm
422	util\phrasex\cs\user\signUpOk.htm
423	util\phrasex\cs\user\userDel.htm
424	util\phrasex\cs\user\userDelOk.htm
425	util\phrasex\cs\user\userEdit.htm
426	util\phrasex\cs\user\userEditOk.htm
427	util\phrasex\cs\user\userFind.htm
428	util\phrasex\cs\user\userFindOk.htm
429	util\phrasex\cs\user\userMan.htm
430	util\phrasex\cs\user\userManOk.htm
431	util\phrasex\cs\user\userNew.htm
432	util\phrasex\cs\user\userNewOk.htm
433	util\phrasex\cs\user\userView.htm
434	util\phrasex\csru\accessdenied.htm
435	util\phrasex\csru\appInit.htm
436	util\phrasex\csru\configureBrowser.htm
437	util\phrasex\csru\error.htm
438	util\phrasex\csru\fromRoot.htm
439	util\phrasex\csru\index.htm
440	util\phrasex\csru\indexLean.htm
441	util\phrasex\csru\logoff.htm
442	util\phrasex\csru\logon.htm
443	util\phrasex\csru\mainMenuEndUser.htm
444	util\phrasex\csru\mainMenuManager.htm
445	util\phrasex\csru\mainMenuStaff.htm
446	util\phrasex\csru\showSql.htm
447	util\phrasex\csru\waitafterlogon.htm
448	util\phrasex\csru\discuss\diDelete.htm
449	util\phrasex\csru\discuss\diDelete2.htm
450	util\phrasex\csru\discuss\diDeleteOk.htm
451	util\phrasex\csru\discuss\diEditGroup.htm
452	util\phrasex\csru\discuss\diEditGroupOk.htm
453	util\phrasex\csru\discuss\diEditMsg.htm
454	util\phrasex\csru\discuss\diEditMsgOk.htm
455	util\phrasex\csru\discuss\diGroup.htm
456	util\phrasex\csru\discuss\diNew.htm
457	util\phrasex\csru\discuss\diNewOk.htm
458	util\phrasex\csru\discuss\diSearch.htm
459	util\phrasex\csru\discuss\diSearchOk.htm
460	util\phrasex\csru\discuss\diTopic.htm
461	util\phrasex\csru\discuss\index.htm
462	util\phrasex\csru\discuss\indexByDate.htm
463	util\phrasex\csru\kb\faq.htm
464	util\phrasex\csru\kb\index.htm
465	util\phrasex\csru\kb\kbAdvSearch.htm
466	util\phrasex\csru\kb\kbAdvSearchOk.htm
467	util\phrasex\csru\kb\kbDelete.htm
468	util\phrasex\csru\kb\kbDelete2.htm
469	util\phrasex\csru\kb\kbDeleteOk.htm
470	util\phrasex\csru\kb\kbDetail.htm
471	util\phrasex\csru\kb\kbEditArt.htm
472	util\phrasex\csru\kb\kbEditArtOk.htm
473	util\phrasex\csru\kb\kbEditCat.htm
474	util\phrasex\csru\kb\kbEditCatOk.htm
475	util\phrasex\csru\kb\kbFromTicket1.htm
476	util\phrasex\csru\kb\kbFromTicket2.htm
477	util\phrasex\csru\kb\kbKeySearchOk.htm
478	util\phrasex\csru\kb\kbNewArt.htm
479	util\phrasex\csru\kb\kbNewArtOk.htm
480	util\phrasex\csru\kb\kbNewCat.htm
481	util\phrasex\csru\kb\kbNewCatOk.htm
482	util\phrasex\csru\kb\kbView.htm
483	util\phrasex\csru\kb\kbVote.htm
484	util\phrasex\csru\kb\recommended.htm
485	util\phrasex\csru\news\index.htm
486	util\phrasex\csru\news\newsDelete.htm
487	util\phrasex\csru\news\newsDelete2.htm
488	util\phrasex\csru\news\newsDeleteOk.htm
489	util\phrasex\csru\news\newsEdit.htm
490	util\phrasex\csru\news\newsEditOk.htm
491	util\phrasex\csru\news\newsNew.htm
492	util\phrasex\csru\news\newsNewOk.htm
493	util\phrasex\csru\news\newsView.htm
494	util\phrasex\csru\priority\priorityDel.htm
495	util\phrasex\csru\priority\priorityDelOk.htm
496	util\phrasex\csru\priority\priorityEdit.htm
497	util\phrasex\csru\priority\priorityEditOk.htm
498	util\phrasex\csru\priority\priorityMan.htm
499	util\phrasex\csru\priority\priorityNew.htm
500	util\phrasex\csru\priority\priorityNewOk.htm
501	util\phrasex\csru\product\productDel.htm
502	util\phrasex\csru\product\productDelOk.htm
503	util\phrasex\csru\product\productEdit.htm
504	util\phrasex\csru\product\productEditOk.htm
505	util\phrasex\csru\product\productMan.htm
506	util\phrasex\csru\product\productNew.htm
507	util\phrasex\csru\product\productNewOk.htm
508	util\phrasex\csru\report\customReport1.htm
509	util\phrasex\csru\report\listMyTodo.htm
510	util\phrasex\csru\report\listOpen.htm
511	util\phrasex\csru\report\listUnassigned.htm
512	util\phrasex\csru\report\repCost.htm
513	util\phrasex\csru\report\repCrosstab.htm
514	util\phrasex\csru\report\repCrosstabRun.htm
515	util\phrasex\csru\report\repCrosstabSave.htm
516	util\phrasex\csru\report\repCustom.htm
517	util\phrasex\csru\report\repCustomOk.htm
518	util\phrasex\csru\report\repDel.htm
519	util\phrasex\csru\report\repDelOk.htm
520	util\phrasex\csru\report\repMan.htm
521	util\phrasex\csru\report\repTab.htm
522	util\phrasex\csru\report\repTabRun.htm
523	util\phrasex\csru\report\repTabSave.htm
524	util\phrasex\csru\report\repTimeSheet.htm
525	util\phrasex\csru\report\repTrend.htm
526	util\phrasex\csru\sale\saleDel.htm
527	util\phrasex\csru\sale\saleDelOk.htm
528	util\phrasex\csru\sale\saleEdit.htm
529	util\phrasex\csru\sale\saleEditOk.htm
530	util\phrasex\csru\sale\saleMan.htm
531	util\phrasex\csru\sale\saleNew.htm
532	util\phrasex\csru\sale\saleNewOk.htm
533	util\phrasex\csru\sale\saleSearchOk.htm
534	util\phrasex\csru\sale\saleView.htm
535	util\phrasex\csru\script\todoList.htm
536	util\phrasex\csru\status\statusDel.htm
537	util\phrasex\csru\status\statusDelOk.htm
538	util\phrasex\csru\status\statusEdit.htm
539	util\phrasex\csru\status\statusEditOk.htm
540	util\phrasex\csru\status\statusMan.htm
541	util\phrasex\csru\status\statusNew.htm
542	util\phrasex\csru\status\statusNewOk.htm
543	util\phrasex\csru\system\sessionDel.htm
544	util\phrasex\csru\system\sessionDelOk.htm
545	util\phrasex\csru\system\systemInfo.htm
546	util\phrasex\csru\ticket\euTicketFind.htm
547	util\phrasex\csru\ticket\euTicketFindOk.htm
548	util\phrasex\csru\ticket\euTicketFollowUp.htm
549	util\phrasex\csru\ticket\euTicketFollowUpOk.htm
550	util\phrasex\csru\ticket\euTicketNew.htm
551	util\phrasex\csru\ticket\euTicketNewOk.htm
552	util\phrasex\csru\ticket\euTicketView.htm
553	util\phrasex\csru\ticket\htmlFragView.htm
554	util\phrasex\csru\ticket\ticketAssign.htm
555	util\phrasex\csru\ticket\ticketAssignOk.htm
556	util\phrasex\csru\ticket\ticketClose.htm
557	util\phrasex\csru\ticket\ticketCloseOk.htm
558	util\phrasex\csru\ticket\ticketDel.htm
559	util\phrasex\csru\ticket\ticketDelOk.htm
560	util\phrasex\csru\ticket\ticketDivide.htm
561	util\phrasex\csru\ticket\ticketDivideOk.htm
562	util\phrasex\csru\ticket\ticketEdit.htm
563	util\phrasex\csru\ticket\ticketEditOk.htm
564	util\phrasex\csru\ticket\ticketHistEdit.htm
565	util\phrasex\csru\ticket\ticketHistEditOk.htm
566	util\phrasex\csru\ticket\ticketMerge.htm
567	util\phrasex\csru\ticket\ticketMergeOk.htm
568	util\phrasex\csru\ticket\ticketNew.htm
569	util\phrasex\csru\ticket\ticketNewOk.htm
570	util\phrasex\csru\ticket\ticketReopen.htm
571	util\phrasex\csru\ticket\ticketReopenOk.htm
572	util\phrasex\csru\ticket\ticketRespond.htm
573	util\phrasex\csru\ticket\ticketRespondOk.htm
574	util\phrasex\csru\ticket\ticketView.htm
575	util\phrasex\csru\user\euUserEdit.htm
576	util\phrasex\csru\user\euUserEditOk.htm
577	util\phrasex\csru\user\forgot.htm
578	util\phrasex\csru\user\forgotOk.htm
579	util\phrasex\csru\user\signUp.htm
580	util\phrasex\csru\user\signUpOk.htm
581	util\phrasex\csru\user\userDel.htm
582	util\phrasex\csru\user\userDelOk.htm
583	util\phrasex\csru\user\userEdit.htm
584	util\phrasex\csru\user\userEditOk.htm
585	util\phrasex\csru\user\userFind.htm
586	util\phrasex\csru\user\userFindOk.htm
587	util\phrasex\csru\user\userMan.htm
588	util\phrasex\csru\user\userManOk.htm
589	util\phrasex\csru\user\userNew.htm
590	util\phrasex\csru\user\userNewOk.htm
591	util\phrasex\csru\user\userView.htm
592	util\wapreview\redirect.html
593	util\wapreview\public_html\index.html
594	util\wapreview\public_html\index2.html
595	util\wapreview\public_html\install.html
596	util\wapreview\public_html\wapreview.html
597	util\wapreview\public_html\wapreview_local.html
598	util\wapreview\public_html\wapreview_next.html
599	util\wapreview\public_html\warning.html
600	util\wapreview\public_html\javadoc\allclasses-frame.html
601	util\wapreview\public_html\javadoc\deprecated-list.html
602	util\wapreview\public_html\javadoc\help-doc.html
603	util\wapreview\public_html\javadoc\index-all.html
604	util\wapreview\public_html\javadoc\index.html
605	util\wapreview\public_html\javadoc\overview-tree.html
606	util\wapreview\public_html\javadoc\packages.html
607	util\wapreview\public_html\javadoc\serialized-form.html
608	util\wapreview\public_html\javadoc\wapreview.html
609	util\wapreview\public_html\javadoc\Acme\JPM\JPMUtils.html
610	util\wapreview\public_html\javadoc\Acme\JPM\Encoders\GifEncoder.html
611	util\wapreview\public_html\javadoc\Acme\JPM\Encoders\ImageEncoder.html
612	util\wapreview\public_html\javadoc\com\aplpi\wapreview\Wapreview.html
613	util\wapreview\public_html\javadoc\com\aplpi\wapreview\WmlCard.html
614	util\wapreview\public_html\javadoc\com\aplpi\wapreview\WmlCardInterface.html
615	util\wapreview\public_html\javadoc\com\aplpi\wapreview\WmlDeck.html
616	util\wapreview\public_html\javadoc\com\aplpi\wapreview\WmlDeckBuilder.html
617	util\wapreview\public_html\javadoc\com\aplpi\wapreview\WmlDeckBuilder.wmlelement.html
618	util\wapreview\public_html\javadoc\com\aplpi\wapreview\WmlDeckInterface.html
619	util\wapreview\public_html\javadoc\com\aplpi\wapreview\WmlSelect.html
620	util\wapreview\public_html\javadoc\com\aplpi\wapreview\WmlTask.html
621	util\wapreview\public_html\javadoc\com\aplpi\wapreview\WmlTemplate.html
622	util\wapreview\public_html\javadoc\com\aplpi\wapreview\wricproxy\WBMPimg.html
623	util\wapreview\public_html\javadoc\com\aplpi\wapreview\wricproxy\wricproxy.html
624	util\wapreview\public_html\javadoc\com\microstar\xml\XmlHandler.html
625	util\wapreview\public_html\javadoc\com\microstar\xml\XmlParser.html
