01.02.2006 17:38:28
1	about.htm
2	apoocontents.htm
3	cmdcharacterclass.htm
4	cmdeditfind.htm
5	cmdeditreplace.htm
6	cmdeditxpath.htm
7	cmdregexp.htm
8	cmdtoolsbuildindex.htm
9	cmdtoolsbuildphrases.htm
10	cmdxpathexp.htm
11	codepages.htm
12	datasheet.htm
13	ea.htm
14	eaccess.htm
15	eanchor.htm
16	eb.htm
17	ebig.htm
18	ebr.htm
19	ecard.htm
20	ecomment.htm
21	edeck.htm
22	edo.htm
23	edoctype.htm
24	eem.htm
25	efieldset.htm
26	ego.htm
27	ehead.htm
28	ei.htm
29	eimg.htm
30	einput.htm
31	emeta.htm
32	enoop.htm
33	eonevent.htm
34	eoptgroup.htm
35	eoption.htm
36	ep.htm
37	epcdata.htm
38	epostfield.htm
39	epre.htm
40	eprev.htm
41	erefresh.htm
42	eselect.htm
43	esetvar.htm
44	esmall.htm
45	estrong.htm
46	etable.htm
47	etd.htm
48	etemplate.htm
49	etimer.htm
50	etr.htm
51	eu.htm
52	ewml.htm
53	exml.htm
54	help.htm
55	howtocreatecard.htm
56	howtocreateimage.htm
57	howtocreateinput.htm
58	howtocreatelink.htm
59	howtocreateselectionlist.htm
60	howtocreatesoftkey.htm
61	howtoftp.htm
62	howtoftpedit.htm
63	howtoftpproxy.htm
64	howtomoveelement.htm
65	howtosymbol.htm
66	howtousevariables.htm
67	index.html
68	interfaceguide.htm
69	introduction.htm
70	keyboardshortcuts.htm
71	languagesupport.htm
72	license.htm
73	nagscreen.htm
74	oba.htm
75	obarea.htm
76	obb.htm
77	obbase.htm
78	obbig.htm
79	obblockquote.htm
80	obbody.htm
81	obbr.htm
82	obcaption.htm
83	obcenter.htm
84	obcite.htm
85	obcode.htm
86	obcomment.htm
87	obdd.htm
88	obdfn.htm
89	obdiv.htm
90	obdl.htm
91	obdoctype.htm
92	obdt.htm
93	obem.htm
94	obfont.htm
95	obh1.htm
96	obh2.htm
97	obh3.htm
98	obh4.htm
99	obh5.htm
100	obh6.htm
101	obhead.htm
102	obhowtocreateheadings.htm
103	obhowtopreserveformat.htm
104	obhr.htm
105	obhtml.htm
106	obi.htm
107	obimg.htm
108	obkbd.htm
109	obli.htm
110	oblink.htm
111	obmap.htm
112	obmenu.htm
113	obmeta.htm
114	obobject.htm
115	obol.htm
116	obp.htm
117	obparam.htm
118	obpre.htm
119	obq.htm
120	obref.htm
121	obs.htm
122	obsamp.htm
123	obscript.htm
124	obsmall.htm
125	obspan.htm
126	obstrike.htm
127	obstrikethrough.htm
128	obstrong.htm
129	obstyle.htm
130	obsub.htm
131	obsup.htm
132	obtable.htm
133	obtd.htm
134	obth.htm
135	obtitle.htm
136	obtr.htm
137	obtt.htm
138	obu.htm
139	obul.htm
140	obvar.htm
141	obxml.htm
142	oeboverview.htm
143	opcomment.htm
144	opdccontributor.htm
145	opdccoverage.htm
146	opdccreator.htm
147	opdcdate.htm
148	opdcdescription.htm
149	opdcformat.htm
150	opdcidentifier.htm
151	opdclanguage.htm
152	opdcmetadata.htm
153	opdcpublisher.htm
154	opdcrelation.htm
155	opdcrights.htm
156	opdcsource.htm
157	opdcsubject.htm
158	opdctitle.htm
159	opdctype.htm
160	opdcxmlns.htm
161	opdoctype.htm
162	opguide.htm
163	opitem.htm
164	opitemref.htm
165	opmanifest.htm
166	opmarcrole.htm
167	opmeta.htm
168	oppackage.htm
169	opref.htm
170	opreference.htm
171	opsite.htm
172	opspine.htm
173	optionsautoconversion.htm
174	optour.htm
175	optours.htm
176	opxmetadata.htm
177	opxml.htm
178	preface.htm
179	register.htm
180	setup.htm
181	shellintegration.htm
182	tips.htm
183	wapoverview.htm
184	webserver.htm
185	windowattributes.htm
186	windowcode.htm
187	windowelements.htm
188	windowerror.htm
189	windowgeneratelit.htm
190	windowmenu.htm
191	windowproject.htm
192	windowtools.htm
193	wirelessoverview.htm
194	wmloverview.htm
195	wmlrefanchor.htm
196	wmlrefbr.htm
197	wmlrefdeck.htm
198	wmlrefemph.htm
199	wmlreference.htm
200	wmlrefevent.htm
201	wmlrefprologue.htm
202	wmlreftask.htm
203	wmlreftext.htm
204	wmlrefui.htm
205	wmlrefvar.htm
206	z-about.htm
207	z-aboutinet.htm
208	ru\wirelessoverview.htm
209	ru\wmloverview.htm
210	ru\wmlrefanchor.htm
211	ru\wmlrefbr.htm
212	ru\wmlrefdeck.htm
213	ru\wmlrefemph.htm
214	ru\wmlreference.htm
215	ru\wmlrefevent.htm
216	ru\wmlreftask.htm
217	ru\wmlreftext.htm
218	ru\wmlrefui.htm
219	ru\wmlrefvar.htm
