25.11.2003 21:48:45
1	copyright.htm
2	error.htm
3	index.htm
4	select.htm
5	bt\appInit.htm
6	bt\configureBrowser.htm
7	bt\error.htm
8	bt\fromRoot.htm
9	bt\index.htm
10	bt\indexLean.htm
11	bt\logoff.htm
12	bt\logon.htm
13	bt\mainMenu0.htm
14	bt\mainMenu1.htm
15	bt\mainMenu2.htm
16	bt\productSelect.htm
17	bt\productSelectOk.htm
18	bt\showSql.htm
19	bt\discuss\diDelete.htm
20	bt\discuss\diDelete2.htm
21	bt\discuss\diDeleteOk.htm
22	bt\discuss\diEditGroup.htm
23	bt\discuss\diEditGroupOk.htm
24	bt\discuss\diEditMsg.htm
25	bt\discuss\diEditMsgOk.htm
26	bt\discuss\diGroup.htm
27	bt\discuss\diNew.htm
28	bt\discuss\diNewOk.htm
29	bt\discuss\diSearch.htm
30	bt\discuss\diSearchOk.htm
31	bt\discuss\diTopic.htm
32	bt\discuss\index.htm
33	bt\discuss\indexByDate.htm
34	bt\help\cacheHelp.html
35	bt\help\diHelp.html
36	bt\help\diHelpEu.html
37	bt\help\emailHelp.html
38	bt\help\htmlFragHelp.html
39	bt\help\index.html
40	bt\help\kbHelp.html
41	bt\help\kbHelpEu.html
42	bt\help\listMyTodoHelp.html
43	bt\help\listOpenHelp.html
44	bt\help\listUnassignedHelp.html
45	bt\help\productHelp.html
46	bt\help\repEditHelp.html
47	bt\help\repManHelp.html
48	bt\help\statusEditHelp.html
49	bt\help\ticketAssignHelp.html
50	bt\help\ticketBasics.html
51	bt\help\ticketEditHelp.html
52	bt\help\ticketNewHelp.html
53	bt\help\ticketViewHelp.html
54	bt\kb\faq.htm
55	bt\kb\index.htm
56	bt\kb\kbAdvSearch.htm
57	bt\kb\kbAdvSearchOk.htm
58	bt\kb\kbDelete.htm
59	bt\kb\kbDelete2.htm
60	bt\kb\kbDeleteOk.htm
61	bt\kb\kbDetail.htm
62	bt\kb\kbEditArt.htm
63	bt\kb\kbEditArtOk.htm
64	bt\kb\kbEditCat.htm
65	bt\kb\kbEditCatOk.htm
66	bt\kb\kbFromTicket1.htm
67	bt\kb\kbFromTicket2.htm
68	bt\kb\kbKeySearchOk.htm
69	bt\kb\kbNewArt.htm
70	bt\kb\kbNewArtOk.htm
71	bt\kb\kbNewCat.htm
72	bt\kb\kbNewCatOk.htm
73	bt\kb\kbView.htm
74	bt\kb\kbVote.htm
75	bt\kb\recommended.htm
76	bt\module\moduleDel.htm
77	bt\module\moduleDelOk.htm
78	bt\module\moduleEdit.htm
79	bt\module\moduleEditOk.htm
80	bt\module\moduleMan.htm
81	bt\module\moduleNew.htm
82	bt\module\moduleNewOk.htm
83	bt\news\index.htm
84	bt\news\newsDelete.htm
85	bt\news\newsDelete2.htm
86	bt\news\newsDeleteOk.htm
87	bt\news\newsEdit.htm
88	bt\news\newsEditOk.htm
89	bt\news\newsNew.htm
90	bt\news\newsNewOk.htm
91	bt\news\newsView.htm
92	bt\priority\priorityDel.htm
93	bt\priority\priorityDelOk.htm
94	bt\priority\priorityEdit.htm
95	bt\priority\priorityEditOk.htm
96	bt\priority\priorityMan.htm
97	bt\priority\priorityNew.htm
98	bt\priority\priorityNewOk.htm
99	bt\product\productDel.htm
100	bt\product\productDelOk.htm
101	bt\product\productEdit.htm
102	bt\product\productEditOk.htm
103	bt\product\productMan.htm
104	bt\product\productNew.htm
105	bt\product\productNewOk.htm
106	bt\report\customReport1.htm
107	bt\report\listMyTodo.htm
108	bt\report\listOpen.htm
109	bt\report\listUnassigned.htm
110	bt\report\repCro.htm
111	bt\report\repCroRun.htm
112	bt\report\repCroSave.htm
113	bt\report\repCustom.htm
114	bt\report\repCustomOk.htm
115	bt\report\repDel.htm
116	bt\report\repDelOk.htm
117	bt\report\repMan.htm
118	bt\report\repTab.htm
119	bt\report\repTabRun.htm
120	bt\report\repTabSave.htm
121	bt\report\repTimeSheet.htm
122	bt\report\repTrend.htm
123	bt\script\todoList.htm
124	bt\status\statusDel.htm
125	bt\status\statusDelOk.htm
126	bt\status\statusEdit.htm
127	bt\status\statusEditOk.htm
128	bt\status\statusMan.htm
129	bt\status\statusNew.htm
130	bt\status\statusNewOk.htm
131	bt\system\sessionDel.htm
132	bt\system\sessionDelOk.htm
133	bt\system\systemInfo.htm
134	bt\team\teamDel.htm
135	bt\team\teamDelOk.htm
136	bt\team\teamEdit.htm
137	bt\team\teamEditOk.htm
138	bt\team\teamMan.htm
139	bt\team\teamNew.htm
140	bt\team\teamNewOk.htm
141	bt\testcase\testCaseDel.htm
142	bt\testcase\testCaseDelOk.htm
143	bt\testcase\testCaseEdit.htm
144	bt\testcase\testCaseEditOk.htm
145	bt\testcase\testCaseMan.htm
146	bt\testcase\testCaseNew.htm
147	bt\testcase\testCaseNewOk.htm
148	bt\testcase\testCaseView.htm
149	bt\ticket\euTicketFind.htm
150	bt\ticket\euTicketFindOk.htm
151	bt\ticket\euTicketFollowUp.htm
152	bt\ticket\euTicketFollowUpOk.htm
153	bt\ticket\euTicketNew.htm
154	bt\ticket\euTicketNewOk.htm
155	bt\ticket\euTicketView.htm
156	bt\ticket\htmlFragView.htm
157	bt\ticket\ticketAddInfo.htm
158	bt\ticket\ticketAddInfoOk.htm
159	bt\ticket\ticketAssign.htm
160	bt\ticket\ticketAssignOk.htm
161	bt\ticket\ticketClose.htm
162	bt\ticket\ticketCloseOk.htm
163	bt\ticket\ticketDel.htm
164	bt\ticket\ticketDelOk.htm
165	bt\ticket\ticketDivide.htm
166	bt\ticket\ticketDivideOk.htm
167	bt\ticket\ticketEdit.htm
168	bt\ticket\ticketEditOk.htm
169	bt\ticket\ticketHistEdit.htm
170	bt\ticket\ticketHistEditOk.htm
171	bt\ticket\ticketMerge.htm
172	bt\ticket\ticketMergeOk.htm
173	bt\ticket\ticketNew.htm
174	bt\ticket\ticketNewOk.htm
175	bt\ticket\ticketProduct.htm
176	bt\ticket\ticketProductOk.htm
177	bt\ticket\ticketReopen.htm
178	bt\ticket\ticketReopenOk.htm
179	bt\ticket\ticketResolve.htm
180	bt\ticket\ticketResolveOk.htm
181	bt\ticket\ticketRespond.htm
182	bt\ticket\ticketRespondOk.htm
183	bt\ticket\ticketView.htm
184	bt\ttype\tTypeDel.htm
185	bt\ttype\tTypeDelOk.htm
186	bt\ttype\tTypeEdit.htm
187	bt\ttype\tTypeEditOk.htm
188	bt\ttype\tTypeMan.htm
189	bt\user\euUserEdit.htm
190	bt\user\euUserEditOk.htm
191	bt\user\forgot.htm
192	bt\user\forgotOk.htm
193	bt\user\signUp.htm
194	bt\user\signUpOk.htm
195	bt\user\userDel.htm
196	bt\user\userDelOk.htm
197	bt\user\userEdit.htm
198	bt\user\userEditOk.htm
199	bt\user\userFind.htm
200	bt\user\userFindOk.htm
201	bt\user\userMan.htm
202	bt\user\userManOk.htm
203	bt\user\userNew.htm
204	bt\user\userNewOk.htm
205	bt\user\userView.htm
206	bt\version\versionDel.htm
207	bt\version\versionDelOk.htm
208	bt\version\versionEdit.htm
209	bt\version\versionEditOk.htm
210	bt\version\versionMan.htm
211	bt\version\versionNew.htm
212	bt\version\versionNewOk.htm
213	cs\accessdenied.htm
214	cs\appInit.htm
215	cs\configureBrowser.htm
216	cs\error.htm
217	cs\fromRoot.htm
218	cs\index.htm
219	cs\indexLean.htm
220	cs\logoff.htm
221	cs\logon.htm
222	cs\mainMenuEndUser.htm
223	cs\mainMenuManager.htm
224	cs\mainMenuStaff.htm
225	cs\showSql.htm
226	cs\discuss\diDelete.htm
227	cs\discuss\diDelete2.htm
228	cs\discuss\diDeleteOk.htm
229	cs\discuss\diEditGroup.htm
230	cs\discuss\diEditGroupOk.htm
231	cs\discuss\diEditMsg.htm
232	cs\discuss\diEditMsgOk.htm
233	cs\discuss\diGroup.htm
234	cs\discuss\diNew.htm
235	cs\discuss\diNewOk.htm
236	cs\discuss\diSearch.htm
237	cs\discuss\diSearchOk.htm
238	cs\discuss\diTopic.htm
239	cs\discuss\index.htm
240	cs\discuss\indexByDate.htm
241	cs\help\cacheHelp.html
242	cs\help\diHelp.html
243	cs\help\diHelpEu.html
244	cs\help\emailHelp.html
245	cs\help\htmlFragHelp.html
246	cs\help\index.html
247	cs\help\kbHelp.html
248	cs\help\kbHelpEu.html
249	cs\help\listMyTodoHelp.html
250	cs\help\listOpenHelp.html
251	cs\help\listUnassignedHelp.html
252	cs\help\productHelp.html
253	cs\help\repEditHelp.html
254	cs\help\repManHelp.html
255	cs\help\statusEditHelp.html
256	cs\help\ticketBasics.html
257	cs\help\ticketEditHelp.html
258	cs\help\ticketNewHelp.html
259	cs\help\ticketViewHelp.html
260	cs\kb\faq.htm
261	cs\kb\index.htm
262	cs\kb\kbAdvSearch.htm
263	cs\kb\kbAdvSearchOk.htm
264	cs\kb\kbDelete.htm
265	cs\kb\kbDelete2.htm
266	cs\kb\kbDeleteOk.htm
267	cs\kb\kbDetail.htm
268	cs\kb\kbEditArt.htm
269	cs\kb\kbEditArtOk.htm
270	cs\kb\kbEditCat.htm
271	cs\kb\kbEditCatOk.htm
272	cs\kb\kbFromTicket1.htm
273	cs\kb\kbFromTicket2.htm
274	cs\kb\kbKeySearchOk.htm
275	cs\kb\kbNewArt.htm
276	cs\kb\kbNewArtOk.htm
277	cs\kb\kbNewCat.htm
278	cs\kb\kbNewCatOk.htm
279	cs\kb\kbView.htm
280	cs\kb\kbVote.htm
281	cs\kb\recommended.htm
282	cs\news\index.htm
283	cs\news\newsDelete.htm
284	cs\news\newsDelete2.htm
285	cs\news\newsDeleteOk.htm
286	cs\news\newsEdit.htm
287	cs\news\newsEditOk.htm
288	cs\news\newsNew.htm
289	cs\news\newsNewOk.htm
290	cs\news\newsView.htm
291	cs\priority\priorityDel.htm
292	cs\priority\priorityDelOk.htm
293	cs\priority\priorityEdit.htm
294	cs\priority\priorityEditOk.htm
295	cs\priority\priorityMan.htm
296	cs\priority\priorityNew.htm
297	cs\priority\priorityNewOk.htm
298	cs\product\productDel.htm
299	cs\product\productDelOk.htm
300	cs\product\productEdit.htm
301	cs\product\productEditOk.htm
302	cs\product\productMan.htm
303	cs\product\productNew.htm
304	cs\product\productNewOk.htm
305	cs\report\customReport1.htm
306	cs\report\listMyTodo.htm
307	cs\report\listOpen.htm
308	cs\report\listUnassigned.htm
309	cs\report\repCost.htm
310	cs\report\repCro.htm
311	cs\report\repCroRun.htm
312	cs\report\repCroSave.htm
313	cs\report\repCustom.htm
314	cs\report\repCustomOk.htm
315	cs\report\repDel.htm
316	cs\report\repDelOk.htm
317	cs\report\repMan.htm
318	cs\report\repTab.htm
319	cs\report\repTabRun.htm
320	cs\report\repTabSave.htm
321	cs\report\repTimeSheet.htm
322	cs\report\repTrend.htm
323	cs\sale\saleDel.htm
324	cs\sale\saleDelOk.htm
325	cs\sale\saleEdit.htm
326	cs\sale\saleEditOk.htm
327	cs\sale\saleMan.htm
328	cs\sale\saleNew.htm
329	cs\sale\saleNewOk.htm
330	cs\sale\saleSearchOk.htm
331	cs\sale\saleView.htm
332	cs\script\todoList.htm
333	cs\status\statusDel.htm
334	cs\status\statusDelOk.htm
335	cs\status\statusEdit.htm
336	cs\status\statusEditOk.htm
337	cs\status\statusMan.htm
338	cs\status\statusNew.htm
339	cs\status\statusNewOk.htm
340	cs\system\sessionDel.htm
341	cs\system\sessionDelOk.htm
342	cs\system\systemInfo.htm
343	cs\ticket\euTicketFind.htm
344	cs\ticket\euTicketFindOk.htm
345	cs\ticket\euTicketFollowUp.htm
346	cs\ticket\euTicketFollowUpOk.htm
347	cs\ticket\euTicketNew.htm
348	cs\ticket\euTicketNewOk.htm
349	cs\ticket\euTicketView.htm
350	cs\ticket\htmlFragView.htm
351	cs\ticket\ticketAssign.htm
352	cs\ticket\ticketAssignOk.htm
353	cs\ticket\ticketClose.htm
354	cs\ticket\ticketCloseOk.htm
355	cs\ticket\ticketDel.htm
356	cs\ticket\ticketDelOk.htm
357	cs\ticket\ticketDivide.htm
358	cs\ticket\ticketDivideOk.htm
359	cs\ticket\ticketEdit.htm
360	cs\ticket\ticketEditOk.htm
361	cs\ticket\ticketHistEdit.htm
362	cs\ticket\ticketHistEditOk.htm
363	cs\ticket\ticketMerge.htm
364	cs\ticket\ticketMergeOk.htm
365	cs\ticket\ticketNew.htm
366	cs\ticket\ticketNewOk.htm
367	cs\ticket\ticketReopen.htm
368	cs\ticket\ticketReopenOk.htm
369	cs\ticket\ticketRespond.htm
370	cs\ticket\ticketRespondOk.htm
371	cs\ticket\ticketView.htm
372	cs\user\euUserEdit.htm
373	cs\user\euUserEditOk.htm
374	cs\user\forgot.htm
375	cs\user\forgotOk.htm
376	cs\user\signUp.htm
377	cs\user\signUpOk.htm
378	cs\user\userDel.htm
379	cs\user\userDelOk.htm
380	cs\user\userEdit.htm
381	cs\user\userEditOk.htm
382	cs\user\userFind.htm
383	cs\user\userFindOk.htm
384	cs\user\userMan.htm
385	cs\user\userManOk.htm
386	cs\user\userNew.htm
387	cs\user\userNewOk.htm
388	cs\user\userView.htm
389	hd\appInit.htm
390	hd\configureBrowser.htm
391	hd\error.htm
392	hd\fromRoot.htm
393	hd\index.htm
394	hd\indexLean.htm
395	hd\logoff.htm
396	hd\logon.htm
397	hd\logonLdap.htm
398	hd\mainMenu0.htm
399	hd\mainMenu1.htm
400	hd\mainMenu2.htm
401	hd\showSql.htm
402	hd\asset\assetDel.htm
403	hd\asset\assetDelOk.htm
404	hd\asset\assetEdit.htm
405	hd\asset\assetEditOk.htm
406	hd\asset\assetMan.htm
407	hd\asset\assetNew.htm
408	hd\asset\assetNewOk.htm
409	hd\asset\assetSearchOk.htm
410	hd\asset\assetView.htm
411	hd\discuss\diDelete.htm
412	hd\discuss\diDelete2.htm
413	hd\discuss\diDeleteOk.htm
414	hd\discuss\diEditGroup.htm
415	hd\discuss\diEditGroupOk.htm
416	hd\discuss\diEditMsg.htm
417	hd\discuss\diEditMsgOk.htm
418	hd\discuss\diGroup.htm
419	hd\discuss\diNew.htm
420	hd\discuss\diNewOk.htm
421	hd\discuss\diSearch.htm
422	hd\discuss\diSearchOk.htm
423	hd\discuss\diTopic.htm
424	hd\discuss\index.htm
425	hd\discuss\indexByDate.htm
426	hd\help\cacheHelp.html
427	hd\help\diHelp.html
428	hd\help\diHelpEu.html
429	hd\help\emailHelp.html
430	hd\help\htmlFragHelp.html
431	hd\help\index.html
432	hd\help\kbHelp.html
433	hd\help\kbHelpEu.html
434	hd\help\listMyTodoHelp.html
435	hd\help\listOpenHelp.html
436	hd\help\listUnassignedHelp.html
437	hd\help\productHelp.html
438	hd\help\repEditHelp.html
439	hd\help\repManHelp.html
440	hd\help\statusEditHelp.html
441	hd\help\ticketBasics.html
442	hd\help\ticketEditHelp.html
443	hd\help\ticketNewHelp.html
444	hd\help\ticketViewHelp.html
445	hd\kb\faq.htm
446	hd\kb\index.htm
447	hd\kb\kbAdvSearch.htm
448	hd\kb\kbAdvSearchOk.htm
449	hd\kb\kbDelete.htm
450	hd\kb\kbDelete2.htm
451	hd\kb\kbDeleteOk.htm
452	hd\kb\kbDetail.htm
453	hd\kb\kbEditArt.htm
454	hd\kb\kbEditArtOk.htm
455	hd\kb\kbEditCat.htm
456	hd\kb\kbEditCatOk.htm
457	hd\kb\kbFromTicket1.htm
458	hd\kb\kbFromTicket2.htm
459	hd\kb\kbKeySearchOk.htm
460	hd\kb\kbNewArt.htm
461	hd\kb\kbNewArtOk.htm
462	hd\kb\kbNewCat.htm
463	hd\kb\kbNewCatOk.htm
464	hd\kb\kbView.htm
465	hd\kb\kbVote.htm
466	hd\kb\recommended.htm
467	hd\news\index.htm
468	hd\news\newsDelete.htm
469	hd\news\newsDelete2.htm
470	hd\news\newsDeleteOk.htm
471	hd\news\newsEdit.htm
472	hd\news\newsEditOk.htm
473	hd\news\newsNew.htm
474	hd\news\newsNewOk.htm
475	hd\news\newsView.htm
476	hd\priority\priorityDel.htm
477	hd\priority\priorityDelOk.htm
478	hd\priority\priorityEdit.htm
479	hd\priority\priorityEditOk.htm
480	hd\priority\priorityMan.htm
481	hd\priority\priorityNew.htm
482	hd\priority\priorityNewOk.htm
483	hd\product\productDel.htm
484	hd\product\productDelOk.htm
485	hd\product\productEdit.htm
486	hd\product\productEditOk.htm
487	hd\product\productMan.htm
488	hd\product\productNew.htm
489	hd\product\productNewOk.htm
490	hd\report\customReport1.htm
491	hd\report\listMyTodo.htm
492	hd\report\listOpen.htm
493	hd\report\listUnassigned.htm
494	hd\report\repCost.htm
495	hd\report\repCro.htm
496	hd\report\repCroRun.htm
497	hd\report\repCroSave.htm
498	hd\report\repCustom.htm
499	hd\report\repCustomOk.htm
500	hd\report\repDel.htm
501	hd\report\repDelOk.htm
502	hd\report\repMan.htm
503	hd\report\repTab.htm
504	hd\report\repTabRun.htm
505	hd\report\repTabSave.htm
506	hd\report\repTimeSheet.htm
507	hd\report\repTrend.htm
508	hd\script\todoList.htm
509	hd\status\statusDel.htm
510	hd\status\statusDelOk.htm
511	hd\status\statusEdit.htm
512	hd\status\statusEditOk.htm
513	hd\status\statusMan.htm
514	hd\status\statusNew.htm
515	hd\status\statusNewOk.htm
516	hd\system\sessionDel.htm
517	hd\system\sessionDelOk.htm
518	hd\system\systemInfo.htm
519	hd\ticket\euTicketFind.htm
520	hd\ticket\euTicketFindOk.htm
521	hd\ticket\euTicketFollowUp.htm
522	hd\ticket\euTicketFollowUpOk.htm
523	hd\ticket\euTicketNew.htm
524	hd\ticket\euTicketNewOk.htm
525	hd\ticket\euTicketView.htm
526	hd\ticket\htmlFragView.htm
527	hd\ticket\ticketAssign.htm
528	hd\ticket\ticketAssignOk.htm
529	hd\ticket\ticketClose.htm
530	hd\ticket\ticketCloseOk.htm
531	hd\ticket\ticketDel.htm
532	hd\ticket\ticketDelOk.htm
533	hd\ticket\ticketDivide.htm
534	hd\ticket\ticketDivideOk.htm
535	hd\ticket\ticketEdit.htm
536	hd\ticket\ticketEditOk.htm
537	hd\ticket\ticketHistEdit.htm
538	hd\ticket\ticketHistEditOk.htm
539	hd\ticket\ticketMerge.htm
540	hd\ticket\ticketMergeOk.htm
541	hd\ticket\ticketNew.htm
542	hd\ticket\ticketNewOk.htm
543	hd\ticket\ticketReopen.htm
544	hd\ticket\ticketReopenOk.htm
545	hd\ticket\ticketRespond.htm
546	hd\ticket\ticketRespondOk.htm
547	hd\ticket\ticketView.htm
548	hd\user\euUserEdit.htm
549	hd\user\euUserEditOk.htm
550	hd\user\forgot.htm
551	hd\user\forgotOk.htm
552	hd\user\signUp.htm
553	hd\user\signUpOk.htm
554	hd\user\userDel.htm
555	hd\user\userDelOk.htm
556	hd\user\userEdit.htm
557	hd\user\userEditOk.htm
558	hd\user\userFind.htm
559	hd\user\userFindOk.htm
560	hd\user\userMan.htm
561	hd\user\userManOk.htm
562	hd\user\userNew.htm
563	hd\user\userNewOk.htm
564	hd\user\userView.htm
